     Testing CTDirect
      Status `/private/var/folders/xh/6cj27y_n2_v3l0h35s5p5pkh0000gp/T/jl_yB1IAC/Project.toml`
  [54578032] ADNLPModels v0.8.13
  [21141c5a] AMDGPU v2.3.0
⌃ [54762871] CTBase v0.18.4
  [790bbbee] CTDirect v1.0.6 `~/Research/logiciels/dev/control-toolbox/CTDirect.jl`
  [34c4fa32] CTModels v0.9.10-beta
  [32681960] CTParser v0.8.10-beta
  [d3e8d392] CTSolvers v0.4.10-beta
  [052768ef] CUDA v5.11.0
  [38540f10] CommonSolve v0.2.6
  [0c46a032] DifferentialEquations v7.17.0
  [ffbed154] DocStringExtensions v0.9.5
  [1037b233] ExaModels v0.9.7
  [2621e9c9] MadNLP v0.9.1
  [d72a61cc] MadNLPGPU v0.8.0
  [a4795742] NLPModels v0.21.12
  [f4238b75] NLPModelsIpopt v0.11.2
  [ff4d7338] SolverCore v0.3.10
  [9f842d2f] SparseConnectivityTracer v1.2.1
  [03a91e81] SplitApplyCombine v1.2.3
  [2f01184e] SparseArrays v1.12.0
  [8dfed614] Test v1.11.0
      Status `/private/var/folders/xh/6cj27y_n2_v3l0h35s5p5pkh0000gp/T/jl_yB1IAC/Manifest.toml`
  [54578032] ADNLPModels v0.8.13
  [47edcb42] ADTypes v1.21.0
  [14f7f29c] AMD v0.5.3
  [21141c5a] AMDGPU v2.3.0
  [621f4979] AbstractFFTs v1.5.0
  [6a4ca0a5] AcceleratedKernels v0.4.3
  [7d9f7c33] Accessors v0.1.43
  [79e6a3ab] Adapt v4.5.0
  [66dad0bd] AliasTables v1.1.3
  [a95523ee] AlmostBlockDiagonals v0.1.10
  [dce04be8] ArgCheck v2.5.0
  [ec485272] ArnoldiMethod v0.4.0
  [4fba245c] ArrayInterface v7.23.0
  [4c555306] ArrayLayouts v1.12.2
  [a9b6321e] Atomix v1.1.2
  [ab4f0b2a] BFloat16s v0.6.1
  [aae01518] BandedMatrices v1.11.0
  [62783981] BitTwiddlingConvenienceFunctions v0.1.6
  [764a87c0] BoundaryValueDiffEq v5.20.0
  [7227322d] BoundaryValueDiffEqAscher v1.11.0
  [56b672f2] BoundaryValueDiffEqCore v2.1.0
  [85d9eb09] BoundaryValueDiffEqFIRK v1.12.0
  [1a22d4ce] BoundaryValueDiffEqMIRK v1.12.0
  [9255f1d6] BoundaryValueDiffEqMIRKN v1.11.0
  [ed55bfe0] BoundaryValueDiffEqShooting v1.12.0
  [70df07ce] BracketingNonlinearSolve v1.11.0
  [fa961155] CEnum v0.5.0
  [2a0fbf3d] CPUSummary v0.2.7
⌃ [54762871] CTBase v0.18.4
  [790bbbee] CTDirect v1.0.6 `~/Research/logiciels/dev/control-toolbox/CTDirect.jl`
  [34c4fa32] CTModels v0.9.10-beta
  [32681960] CTParser v0.8.10-beta
  [d3e8d392] CTSolvers v0.4.10-beta
  [052768ef] CUDA v5.11.0
  [1af6417a] CUDA_Runtime_Discovery v1.0.0
  [45b445bb] CUDSS v0.6.7
  [d360d2e6] ChainRulesCore v1.26.0
  [fb6a15b2] CloseOpenIntervals v0.1.13
  [861a8166] Combinatorics v1.1.0
  [38540f10] CommonSolve v0.2.6
  [bbf7d656] CommonSubexpressions v0.3.1
  [f70d9fcc] CommonWorldInvalidations v1.0.0
  [34da2185] Compat v4.18.1
  [a33af91c] CompositionsBase v0.1.2
  [2569d6c7] ConcreteStructs v0.2.3
  [187b0558] ConstructionBase v1.6.0
  [adafc99b] CpuId v0.3.1
  [a8cc5b0e] Crayons v4.1.1
  [9a962f9c] DataAPI v1.16.0
  [864edb3b] DataStructures v0.19.3
  [e2d170a0] DataValueInterfaces v1.0.0
  [bcd4f6db] DelayDiffEq v5.69.0
  [8bb1440f] DelimitedFiles v1.9.1
  [85a47980] Dictionaries v0.4.6
  [2b5f629d] DiffEqBase v6.211.0
  [459566f4] DiffEqCallbacks v4.12.0
  [77a26b50] DiffEqNoiseProcess v5.27.0
  [163ba53b] DiffResults v1.1.0
  [b552c78f] DiffRules v1.15.1
  [0c46a032] DifferentialEquations v7.17.0
  [a0c0ee7d] DifferentiationInterface v0.7.16
  [31c24e10] Distributions v0.25.123
  [ffbed154] DocStringExtensions v0.9.5
  [4e289a0a] EnumX v1.0.7
  [f151be2c] EnzymeCore v0.8.18
  [1037b233] ExaModels v0.9.7
  [d4d017d3] ExponentialUtilities v1.30.0
  [e2ba6199] ExprTools v0.1.10
  [55351af7] ExproniconLite v0.10.14
  [9d29842c] FastAlmostBandedMatrices v0.1.6
  [7034ab61] FastBroadcast v0.3.5
  [9aa1b823] FastClosures v0.3.2
  [442a2c76] FastGaussQuadrature v1.1.0
  [a4df4552] FastPower v1.3.1
  [1a297f60] FillArrays v1.16.0
  [6a86dc24] FiniteDiff v2.29.0
  [f6369f11] ForwardDiff v1.3.2
  [069b7b12] FunctionWrappers v1.1.3
  [77dc65aa] FunctionWrappersWrappers v0.1.3
  [0c68f7d7] GPUArrays v11.4.1
  [46192b85] GPUArraysCore v0.2.0
  [61eb1bfa] GPUCompiler v1.8.2
  [096a3bc2] GPUToolbox v1.0.0
  [c145ed77] GenericSchur v0.5.6
  [86223c79] Graphs v1.14.0
  [19dc6840] HCubature v1.8.0
  [076d061b] HashArrayMappedTries v0.2.0
  [34004b35] HypergeometricFunctions v0.3.28
  [615f187c] IfElse v0.1.1
  [313cdc1a] Indexing v1.1.1
  [d25df0c9] Inflate v0.1.5
  [18e54dd8] IntegerMathUtils v0.1.3
  [de52edbc] Integrals v5.1.0
  [3587e190] InverseFunctions v0.1.17
  [b6b21f68] Ipopt v1.14.1
  [92d709cd] IrrationalConstants v0.2.6
  [82899510] IteratorInterfaceExtensions v1.0.0
  [692b3bcd] JLLWrappers v1.7.1
  [ae98c720] Jieko v0.2.1
  [ccbc3e58] JumpProcesses v9.23.2
  [63c18a36] KernelAbstractions v0.9.40
  [ba0b0d4f] Krylov v0.10.6
  [40e66cde] LDLFactorizations v0.10.1
  [929cbde3] LLVM v9.4.6
  [8b046642] LLVMLoopInfo v1.0.0
  [b964fa9f] LaTeXStrings v1.4.0
  [73f95e8e] LatticeRules v0.0.1
  [10f19ff3] LayoutPointers v0.1.17
  [5078a376] LazyArrays v2.9.5
  [2d8b4e74] LevyArea v1.0.0
  [87fe0de2] LineSearch v0.1.6
  [d3d80556] LineSearches v7.6.0
  [5c8ed15e] LinearOperators v2.13.0
  [7ed4a6bd] LinearSolve v3.66.0
  [2ab3a3ac] LogExpFunctions v0.3.29
  [e6f89c97] LoggingExtras v1.2.0
  [d8e11817] MLStyle v0.4.17
  [1914dd2f] MacroTools v0.5.16
  [2621e9c9] MadNLP v0.9.1
  [d72a61cc] MadNLPGPU v0.8.0
  [d125e4d3] ManualMemory v0.1.8
  [a3b82374] MatrixFactorizations v3.1.3
  [bb5d69b7] MaybeInplace v0.1.4
  [2679e427] Metis v1.5.0
  [e1d29d7a] Missings v1.2.0
  [4886b29c] MonteCarloIntegration v0.2.0
  [2e0e35c7] Moshi v0.3.7
  [46d2c3a1] MuladdMacro v0.2.4
  [a4795742] NLPModels v0.21.12
  [f4238b75] NLPModelsIpopt v0.11.2
⌅ [e01155f1] NLPModelsModifiers v0.7.4
  [d41bc354] NLSolversBase v8.0.0
  [5da4648a] NVTX v1.0.3
  [77ba4419] NaNMath v1.1.3
  [8913a72c] NonlinearSolve v4.16.0
  [be0214bd] NonlinearSolveBase v2.15.0
  [5959db7a] NonlinearSolveFirstOrder v2.0.0
  [9a2c21bd] NonlinearSolveQuasiNewton v1.12.0
  [26075421] NonlinearSolveSpectralMethods v1.6.0
  [bca83a33] OptimizationBase v5.1.0
  [bac558e1] OrderedCollections v1.8.1
  [1dea7af3] OrdinaryDiffEq v6.108.0
  [89bda076] OrdinaryDiffEqAdamsBashforthMoulton v1.9.0
  [6ad6398a] OrdinaryDiffEqBDF v1.22.0
  [bbf590c4] OrdinaryDiffEqCore v3.22.0
  [50262376] OrdinaryDiffEqDefault v1.13.0
  [4302a76b] OrdinaryDiffEqDifferentiation v2.2.1
  [9286f039] OrdinaryDiffEqExplicitRK v1.9.0
  [e0540318] OrdinaryDiffEqExponentialRK v1.13.0
  [becaefa8] OrdinaryDiffEqExtrapolation v1.16.0
  [5960d6e9] OrdinaryDiffEqFIRK v1.23.0
  [101fe9f7] OrdinaryDiffEqFeagin v1.8.0
  [d3585ca7] OrdinaryDiffEqFunctionMap v1.9.0
  [d28bc4f8] OrdinaryDiffEqHighOrderRK v1.9.0
  [9f002381] OrdinaryDiffEqIMEXMultistep v1.12.0
  [521117fe] OrdinaryDiffEqLinear v1.10.0
  [1344f307] OrdinaryDiffEqLowOrderRK v1.10.0
  [b0944070] OrdinaryDiffEqLowStorageRK v1.12.0
  [127b3ac7] OrdinaryDiffEqNonlinearSolve v1.23.0
  [c9986a66] OrdinaryDiffEqNordsieck v1.9.0
  [5dd0a6cf] OrdinaryDiffEqPDIRK v1.11.0
  [5b33eab2] OrdinaryDiffEqPRK v1.8.0
  [04162be5] OrdinaryDiffEqQPRK v1.8.0
  [af6ede74] OrdinaryDiffEqRKN v1.10.0
  [43230ef6] OrdinaryDiffEqRosenbrock v1.25.0
  [2d112036] OrdinaryDiffEqSDIRK v1.12.0
  [669c94d9] OrdinaryDiffEqSSPRK v1.11.0
  [e3e12d00] OrdinaryDiffEqStabilizedIRK v1.11.0
  [358294b1] OrdinaryDiffEqStabilizedRK v1.8.0
  [fa646aed] OrdinaryDiffEqSymplecticRK v1.11.0
  [b1df2697] OrdinaryDiffEqTsit5 v1.9.0
  [79d7bb75] OrdinaryDiffEqVerner v1.11.0
  [90014a1f] PDMats v0.11.37
  [d96e819e] Parameters v0.12.3
  [e409e4f3] PoissonRandom v0.4.7
  [f517fe37] Polyester v0.7.19
  [1d0040c9] PolyesterWeave v0.2.2
  [d236fae5] PreallocationTools v1.1.2
  [aea7be01] PrecompileTools v1.3.3
  [21216c6a] Preferences v1.5.2
  [08abe8d2] PrettyTables v3.2.3
  [27ebfcd6] Primes v0.5.7
  [43287f4e] PtrArrays v1.4.0
  [1fd47b50] QuadGK v2.11.2
  [8a4e6c94] QuasiMonteCarlo v0.3.5
  [74087812] Random123 v1.7.1
  [e6cf234a] RandomNumbers v1.6.0
  [3cdcf5f2] RecipesBase v1.3.4
  [731186ca] RecursiveArrayTools v3.48.0
  [189a3867] Reexport v1.2.2
  [ae029012] Requires v1.3.1
  [ae5879a3] ResettableStacks v1.2.0
  [37e2e3b7] ReverseDiff v1.16.2
  [79098fc4] Rmath v0.9.0
  [7e49a35a] RuntimeGeneratedFunctions v0.5.17
  [94e857df] SIMDTypes v0.1.0
  [0bca4576] SciMLBase v2.150.0
  [19f34311] SciMLJacobianOperators v0.1.12
  [a6db7da4] SciMLLogging v1.9.1
  [c0aeaf25] SciMLOperators v1.15.1
  [431bcebd] SciMLPublic v1.0.1
  [53ae85a6] SciMLStructures v1.10.0
  [7e506255] ScopedValues v1.6.0
  [6c6a2e73] Scratch v1.3.0
  [efcf1570] Setfield v1.1.2
  [727e6d20] SimpleNonlinearSolve v2.11.0
  [699a6c99] SimpleTraits v0.9.5
  [ed01d8cd] Sobol v1.5.0
  [ff4d7338] SolverCore v0.3.10
  [a2af1166] SortingAlgorithms v1.2.2
  [9f842d2f] SparseConnectivityTracer v1.2.1
  [0a514795] SparseMatrixColorings v0.4.25
  [276daf66] SpecialFunctions v2.7.1
  [03a91e81] SplitApplyCombine v1.2.3
  [aedffcd0] Static v1.3.1
  [0d7ed370] StaticArrayInterface v1.9.0
  [90137ffa] StaticArrays v1.9.18
  [1e83bf80] StaticArraysCore v1.4.4
  [10745b16] Statistics v1.11.1
  [82ae8749] StatsAPI v1.8.0
  [2913bbd2] StatsBase v0.34.10
  [4c63d2b9] StatsFuns v1.5.2
  [9672c7b4] SteadyStateDiffEq v2.9.0
  [789caeaf] StochasticDiffEq v6.100.0
  [7792a7ef] StrideArraysCore v0.5.8
  [892a3eda] StringManipulation v0.4.4
  [c3572dad] Sundials v5.1.0
  [2efcf032] SymbolicIndexingInterface v0.3.46
  [3783bdb8] TableTraits v1.0.1
  [bd369af6] Tables v1.12.1
  [8290d209] ThreadingUtilities v0.5.5
  [a759f4b9] TimerOutputs v0.5.29
  [e689c965] Tracy v0.1.6
  [781d530d] TruncatedStacktraces v1.4.0
  [3a884ed6] UnPack v1.0.2
  [013be700] UnsafeAtomics v0.3.0
  [ae81ac8f] ASL_jll v0.1.3+0
  [d1e2174e] CUDA_Compiler_jll v0.4.2+0
  [4ee394cb] CUDA_Driver_jll v13.2.0+0
  [76a88914] CUDA_Runtime_jll v0.21.0+0
  [4889d778] CUDSS_jll v0.7.1+0
  [e33a78d0] Hwloc_jll v2.13.0+0
  [1d5cc7b8] IntelOpenMP_jll v2025.2.0+0
  [9cc047cb] Ipopt_jll v300.1400.1901+0
  [9c1d0b0a] JuliaNVTXCallbacks_jll v0.2.1+0
  [dad2f222] LLVMExtra_jll v0.0.38+0
⌅ [86de99a1] LLVM_jll v18.1.7+4
  [ad6e5548] LibTracyClient_jll v0.13.1+0
  [94ce4f54] Libiconv_jll v1.18.0+0
  [d00139f3] METIS_jll v5.1.3+0
  [856f044c] MKL_jll v2025.2.0+0
  [d7ed1dd3] MUMPS_seq_jll v500.800.200+0
  [e98f9f5b] NVTX_jll v3.2.2+0
  [656ef2d0] OpenBLAS32_jll v0.3.30+0
  [efe28fd5] OpenSpecFun_jll v0.5.6+0
⌅ [873c0968] ROCmDeviceLibs_jll v6.2.1+0
  [f50d1b31] Rmath_jll v0.5.1+0
  [319450e9] SPRAL_jll v2025.9.18+0
  [ca45d3f4] SuiteSparse32_jll v7.12.1+0
  [fb77eaff] Sundials_jll v7.5.0+0
⌅ [02c8fc9c] XML2_jll v2.13.9+0
  [a65dc6b1] Xorg_libpciaccess_jll v0.18.1+0
  [1e29f10c] demumble_jll v1.3.0+0
  [1317d2d5] oneTBB_jll v2022.0.0+1
  [0dad84c5] ArgTools v1.1.2
  [56f22d72] Artifacts v1.11.0
  [2a0f44e3] Base64 v1.11.0
  [ade2ca70] Dates v1.11.0
  [8ba89e20] Distributed v1.11.0
  [f43a241f] Downloads v1.7.0
  [7b1f6079] FileWatching v1.11.0
  [9fa8497b] Future v1.11.0
  [b77e0a4c] InteractiveUtils v1.11.0
  [ac6e5ff7] JuliaSyntaxHighlighting v1.12.0
  [4af54fe1] LazyArtifacts v1.11.0
  [b27032c2] LibCURL v0.6.4
  [76f85450] LibGit2 v1.11.0
  [8f399da3] Libdl v1.11.0
  [37e2e46d] LinearAlgebra v1.12.0
  [56ddb016] Logging v1.11.0
  [d6f4376e] Markdown v1.11.0
  [a63ad114] Mmap v1.11.0
  [ca575930] NetworkOptions v1.3.0
  [44cfe95a] Pkg v1.12.1
  [de0858da] Printf v1.11.0
  [3fa0cd96] REPL v1.11.0
  [9a3f8284] Random v1.11.0
  [ea8e919c] SHA v0.7.0
  [9e88b42a] Serialization v1.11.0
  [6462fe0b] Sockets v1.11.0
  [2f01184e] SparseArrays v1.12.0
  [f489334b] StyledStrings v1.11.0
  [4607b0f0] SuiteSparse
  [fa267f1f] TOML v1.0.3
  [a4e569a6] Tar v1.10.0
  [8dfed614] Test v1.11.0
  [cf7118a7] UUIDs v1.11.0
  [4ec0a83e] Unicode v1.11.0
  [e66e0078] CompilerSupportLibraries_jll v1.3.0+1
  [d55e3150] LLD_jll v18.1.7+5
  [deac9b47] LibCURL_jll v8.15.0+0
  [e37daf67] LibGit2_jll v1.9.0+0
  [29816b5a] LibSSH2_jll v1.11.3+1
  [14a3606d] MozillaCACerts_jll v2025.11.4
  [4536629a] OpenBLAS_jll v0.3.29+0
  [05823500] OpenLibm_jll v0.8.7+0
  [458c3c95] OpenSSL_jll v3.5.4+0
  [bea87d4a] SuiteSparse_jll v7.8.3+2
  [83775a58] Zlib_jll v1.3.1+2
  [8f36deef] libLLVM_jll v18.1.7+5
  [8e850b90] libblastrampoline_jll v5.15.0+0
  [8e850ede] nghttp2_jll v1.64.0+1
  [3f19e933] p7zip_jll v17.7.0+0
        Info Packages marked with ⌃ and ⌅ have new versions available. Those with ⌃ may be upgradable, but those with ⌅ are restricted by compatibility constraints from upgrading.
     Testing Running tests...
testing: zero control allocations
Test Summary:                             | Pass  Total  Time
:zero_control_allocations                 |   49     49  1.5s
  DOCP creation                           |    3      3  0.3s
  Control getters return empty views      |    3      3  0.0s
  Control setters are no-ops              |    1      1  0.1s
  All schemes support zero control        |    6      6  0.0s
  Variables bounds with zero control      |    3      3  0.3s
  Initial guess with zero control         |    2      2  0.1s
  Control getters at all time steps       |   22     22  0.0s
  Zero control with optimization variable |    3      3  0.4s
  Sparsity patterns with zero control     |    6      6  0.2s
testing: zero control dimension - parameter estimation
Test Summary:                  | Pass  Total   Time
:param_estimation :all_schemes |    6      6  26.3s
  :euler                       |    2      2  14.2s
  :midpoint                    |    2      2   7.2s
  :trapeze                     |    2      2   4.9s
Test Summary:                    | Pass  Total  Time
:param_estimation :rotation_rate |    3      3  8.8s
Test Summary:                      | Pass  Total   Time
:param_estimation :with_constraint |    2      2  10.2s
Test Summary:                          | Pass  Total  Time
:param_estimation :solution_dimensions |  105    105  0.1s
Test Summary:                    | Pass  Total  Time
:param_estimation :initial_guess |    1      1  0.5s
Test Summary:                   | Pass  Total  Time
:param_estimation :adnlp_manual |    1      1  0.3s
     Testing CTDirect tests passed 
